// Jest Snapshot v1, https://goo.gl/fbAQLP

exports[`MovieList MovieList renders correctly? 1`] = `
<div
  id="movieList"
>
  <div
    id="movieListInner"
  >
    <div
      className="react-notification-root"
    >
      <div
        className="notification-container-top-left"
      />
      <div
        className="notification-container-top-right"
      />
      <div
        className="notification-container-bottom-left"
      />
      <div
        className="notification-container-bottom-right"
      />
      <div
        className="notification-container-top-center"
      />
      <div
        className="notification-container-bottom-center"
      />
    </div>
    <div
      className="movieContainerSmall"
      id="mainMovieContainer"
    >
      <div
        className="innerMovieContainerSmall"
        id="testID"
        onClick={[Function]}
      >
        <a
          className="movieLink"
          href="#testID"
        >
          <img
            alt="Img not found.."
            className="movieImageSmall"
            onError={[Function]}
            src="noimage.png"
          />
        </a>
        <div
          className="movieInfoHide"
        >
          <div
            className="bigMovieTitle"
          >
            test
          </div>
          <div
            className="movieDescription"
          />
          <div
            className="movieGenre"
          >
            Genre: 
            test 
          </div>
          <div
            className="movieRatings"
            onClick={[Function]}
          >
            <div
              className="imdbRatings"
            >
              <a
                href="https://www.imdb.com/title/tt0132936"
                rel="noopener noreferrer"
                target="_blank"
              >
                <img
                  alt=""
                  className="ratingImage"
                  src="imdb.png"
                />
              </a>
              (5.1)
            </div>
            <div
              className="userRatings"
            >
              <p
                className="userRatingText"
              >
                User rating:
              </p>
              <div
                className="star-ratings"
                style={
                  Object {
                    "boxSizing": "border-box",
                    "display": "inline-block",
                    "position": "relative",
                  }
                }
                title="1.5 Stars"
              >
                <svg
                  className="star-grad"
                  style={
                    Object {
                      "height": "0",
                      "position": "absolute",
                      "visibility": "hidden",
                      "width": "0",
                      "zIndex": "0",
                    }
                  }
                >
                  <defs>
                    <linearGradient
                      id="starGrad576209814354507"
                      x1="0%"
                      x2="100%"
                      y1="0%"
                      y2="0%"
                    >
                      <stop
                        className="stop-color-first"
                        offset="0%"
                        style={
                          Object {
                            "stopColor": "#eac600",
                            "stopOpacity": "1",
                          }
                        }
                      />
                      <stop
                        className="stop-color-first"
                        offset="50%"
                        style={
                          Object {
                            "stopColor": "#eac600",
                            "stopOpacity": "1",
                          }
                        }
                      />
                      <stop
                        className="stop-color-final"
                        offset="50%"
                        style={
                          Object {
                            "stopColor": "rgb(203, 211, 227)",
                            "stopOpacity": "1",
                          }
                        }
                      />
                      <stop
                        className="stop-color-final"
                        offset="100%"
                        style={
                          Object {
                            "stopColor": "rgb(203, 211, 227)",
                            "stopOpacity": "1",
                          }
                        }
                      />
                    </linearGradient>
                  </defs>
                </svg>
                <div
                  className="star-container"
                  onClick={null}
                  onMouseEnter={null}
                  onMouseLeave={null}
                  style={
                    Object {
                      "cursor": undefined,
                      "display": "inline-block",
                      "paddingLeft": undefined,
                      "paddingRight": undefined,
                      "position": "relative",
                      "verticalAlign": "middle",
                    }
                  }
                >
                  <svg
                    className="widget-svg"
                    style={
                      Object {
                        "height": "20px",
                        "transform": undefined,
                        "transition": "transform .2s ease-in-out",
                        "width": "20px",
                      }
                    }
                    viewBox="0 0 51 48"
                  >
                    <path
                      className="star"
                      d="m25,1 6,17h18l-14,11 5,17-15-10-15,10 5-17-14-11h18z"
                      style={
                        Object {
                          "fill": "#eac600",
                          "transition": "fill .2s ease-in-out",
                        }
                      }
                    />
                  </svg>
                </div>
              </div>
              <p
                className="userRatingText"
              >
                (
                1.50
                ) - 
                2
                 votes
              </p>
            </div>
            <div
              className="giveUserRating"
            >
              <p
                className="userRatingText"
              >
                Give user-rating: 
              </p>
              <div
                className="star-ratings"
                style={
                  Object {
                    "boxSizing": "border-box",
                    "display": "inline-block",
                    "position": "relative",
                  }
                }
                title="0 Stars"
              >
                <svg
                  className="star-grad"
                  style={
                    Object {
                      "height": "0",
                      "position": "absolute",
                      "visibility": "hidden",
                      "width": "0",
                      "zIndex": "0",
                    }
                  }
                >
                  <defs>
                    <linearGradient
                      id="starGrad328891447867881"
                      x1="0%"
                      x2="100%"
                      y1="0%"
                      y2="0%"
                    >
                      <stop
                        className="stop-color-first"
                        offset="0%"
                        style={
                          Object {
                            "stopColor": "#eac600",
                            "stopOpacity": "1",
                          }
                        }
                      />
                      <stop
                        className="stop-color-first"
                        offset="0%"
                        style={
                          Object {
                            "stopColor": "#eac600",
                            "stopOpacity": "1",
                          }
                        }
                      />
                      <stop
                        className="stop-color-final"
                        offset="0%"
                        style={
                          Object {
                            "stopColor": "rgb(203, 211, 227)",
                            "stopOpacity": "1",
                          }
                        }
                      />
                      <stop
                        className="stop-color-final"
                        offset="100%"
                        style={
                          Object {
                            "stopColor": "rgb(203, 211, 227)",
                            "stopOpacity": "1",
                          }
                        }
                      />
                    </linearGradient>
                  </defs>
                </svg>
                <div
                  className="star-container"
                  onClick={[Function]}
                  onMouseEnter={[Function]}
                  onMouseLeave={[Function]}
                  style={
                    Object {
                      "cursor": "pointer",
                      "display": "inline-block",
                      "paddingLeft": undefined,
                      "paddingRight": "2px",
                      "position": "relative",
                      "verticalAlign": "middle",
                    }
                  }
                >
                  <svg
                    className="widget-svg"
                    style={
                      Object {
                        "height": "20px",
                        "transform": undefined,
                        "transition": "transform .2s ease-in-out",
                        "width": "20px",
                      }
                    }
                    viewBox="0 0 51 48"
                  >
                    <path
                      className="star"
                      d="m25,1 6,17h18l-14,11 5,17-15-10-15,10 5-17-14-11h18z"
                      style={
                        Object {
                          "fill": "rgb(203, 211, 227)",
                          "transition": "fill .2s ease-in-out",
                        }
                      }
                    />
                  </svg>
                </div>
                <div
                  className="star-container"
                  onClick={[Function]}
                  onMouseEnter={[Function]}
                  onMouseLeave={[Function]}
                  style={
                    Object {
                      "cursor": "pointer",
                      "display": "inline-block",
                      "paddingLeft": "2px",
                      "paddingRight": "2px",
                      "position": "relative",
                      "verticalAlign": "middle",
                    }
                  }
                >
                  <svg
                    className="widget-svg"
                    style={
                      Object {
                        "height": "20px",
                        "transform": undefined,
                        "transition": "transform .2s ease-in-out",
                        "width": "20px",
                      }
                    }
                    viewBox="0 0 51 48"
                  >
                    <path
                      className="star"
                      d="m25,1 6,17h18l-14,11 5,17-15-10-15,10 5-17-14-11h18z"
                      style={
                        Object {
                          "fill": "rgb(203, 211, 227)",
                          "transition": "fill .2s ease-in-out",
                        }
                      }
                    />
                  </svg>
                </div>
                <div
                  className="star-container"
                  onClick={[Function]}
                  onMouseEnter={[Function]}
                  onMouseLeave={[Function]}
                  style={
                    Object {
                      "cursor": "pointer",
                      "display": "inline-block",
                      "paddingLeft": "2px",
                      "paddingRight": "2px",
                      "position": "relative",
                      "verticalAlign": "middle",
                    }
                  }
                >
                  <svg
                    className="widget-svg"
                    style={
                      Object {
                        "height": "20px",
                        "transform": undefined,
                        "transition": "transform .2s ease-in-out",
                        "width": "20px",
                      }
                    }
                    viewBox="0 0 51 48"
                  >
                    <path
                      className="star"
                      d="m25,1 6,17h18l-14,11 5,17-15-10-15,10 5-17-14-11h18z"
                      style={
                        Object {
                          "fill": "rgb(203, 211, 227)",
                          "transition": "fill .2s ease-in-out",
                        }
                      }
                    />
                  </svg>
                </div>
                <div
                  className="star-container"
                  onClick={[Function]}
                  onMouseEnter={[Function]}
                  onMouseLeave={[Function]}
                  style={
                    Object {
                      "cursor": "pointer",
                      "display": "inline-block",
                      "paddingLeft": "2px",
                      "paddingRight": "2px",
                      "position": "relative",
                      "verticalAlign": "middle",
                    }
                  }
                >
                  <svg
                    className="widget-svg"
                    style={
                      Object {
                        "height": "20px",
                        "transform": undefined,
                        "transition": "transform .2s ease-in-out",
                        "width": "20px",
                      }
                    }
                    viewBox="0 0 51 48"
                  >
                    <path
                      className="star"
                      d="m25,1 6,17h18l-14,11 5,17-15-10-15,10 5-17-14-11h18z"
                      style={
                        Object {
                          "fill": "rgb(203, 211, 227)",
                          "transition": "fill .2s ease-in-out",
                        }
                      }
                    />
                  </svg>
                </div>
                <div
                  className="star-container"
                  onClick={[Function]}
                  onMouseEnter={[Function]}
                  onMouseLeave={[Function]}
                  style={
                    Object {
                      "cursor": "pointer",
                      "display": "inline-block",
                      "paddingLeft": "2px",
                      "paddingRight": undefined,
                      "position": "relative",
                      "verticalAlign": "middle",
                    }
                  }
                >
                  <svg
                    className="widget-svg"
                    style={
                      Object {
                        "height": "20px",
                        "transform": undefined,
                        "transition": "transform .2s ease-in-out",
                        "width": "20px",
                      }
                    }
                    viewBox="0 0 51 48"
                  >
                    <path
                      className="star"
                      d="m25,1 6,17h18l-14,11 5,17-15-10-15,10 5-17-14-11h18z"
                      style={
                        Object {
                          "fill": "rgb(203, 211, 227)",
                          "transition": "fill .2s ease-in-out",
                        }
                      }
                    />
                  </svg>
                </div>
              </div>
            </div>
          </div>
        </div>
        <div
          className="smallImgStarShow"
        >
          <a
            href="https://www.imdb.com/title/tt0132936"
            rel="noopener noreferrer"
            target="_blank"
          >
            <img
              alt=""
              className="ratingImage"
              src="imdb.png"
            />
          </a>
          <div>
            5.1
             / 10
          </div>
        </div>
        <a
          className="movieLink"
          href="#testID"
        >
          <div
            className="titleTextSmallShow"
          >
            test
          </div>
        </a>
        <div
          className="rating"
        />
        <img
          alt=""
          className="hideExpandImage"
          src="expanded.png"
        />
      </div>
    </div>
    <div
      className="react-notification-root"
    >
      <div
        className="notification-container-top-left"
      />
      <div
        className="notification-container-top-right"
      />
      <div
        className="notification-container-bottom-left"
      />
      <div
        className="notification-container-bottom-right"
      />
      <div
        className="notification-container-top-center"
      />
      <div
        className="notification-container-bottom-center"
      />
    </div>
    <div
      className="movieContainerSmall"
      id="mainMovieContainer"
    >
      <div
        className="innerMovieContainerSmall"
        id="testID2"
        onClick={[Function]}
      >
        <a
          className="movieLink"
          href="#testID2"
        >
          <img
            alt="Img not found.."
            className="movieImageSmall"
            onError={[Function]}
            src="noimage.png"
          />
        </a>
        <div
          className="movieInfoHide"
        >
          <div
            className="bigMovieTitle"
          >
            test2
          </div>
          <div
            className="movieDescription"
          />
          <div
            className="movieGenre"
          >
            Genre: 
            test2 
          </div>
          <div
            className="movieRatings"
            onClick={[Function]}
          >
            <div
              className="imdbRatings"
            >
              <a
                href="https://www.imdb.com/title/tt0132969"
                rel="noopener noreferrer"
                target="_blank"
              >
                <img
                  alt=""
                  className="ratingImage"
                  src="imdb.png"
                />
              </a>
              (6.9)
            </div>
            <div
              className="userRatings"
            >
              <p
                className="userRatingText"
              >
                User rating:
              </p>
              <div
                className="star-ratings"
                style={
                  Object {
                    "boxSizing": "border-box",
                    "display": "inline-block",
                    "position": "relative",
                  }
                }
                title="0 Stars"
              >
                <svg
                  className="star-grad"
                  style={
                    Object {
                      "height": "0",
                      "position": "absolute",
                      "visibility": "hidden",
                      "width": "0",
                      "zIndex": "0",
                    }
                  }
                >
                  <defs>
                    <linearGradient
                      id="starGrad025328306199083"
                      x1="0%"
                      x2="100%"
                      y1="0%"
                      y2="0%"
                    >
                      <stop
                        className="stop-color-first"
                        offset="0%"
                        style={
                          Object {
                            "stopColor": "#eac600",
                            "stopOpacity": "1",
                          }
                        }
                      />
                      <stop
                        className="stop-color-first"
                        offset="0%"
                        style={
                          Object {
                            "stopColor": "#eac600",
                            "stopOpacity": "1",
                          }
                        }
                      />
                      <stop
                        className="stop-color-final"
                        offset="0%"
                        style={
                          Object {
                            "stopColor": "rgb(203, 211, 227)",
                            "stopOpacity": "1",
                          }
                        }
                      />
                      <stop
                        className="stop-color-final"
                        offset="100%"
                        style={
                          Object {
                            "stopColor": "rgb(203, 211, 227)",
                            "stopOpacity": "1",
                          }
                        }
                      />
                    </linearGradient>
                  </defs>
                </svg>
                <div
                  className="star-container"
                  onClick={null}
                  onMouseEnter={null}
                  onMouseLeave={null}
                  style={
                    Object {
                      "cursor": undefined,
                      "display": "inline-block",
                      "paddingLeft": undefined,
                      "paddingRight": undefined,
                      "position": "relative",
                      "verticalAlign": "middle",
                    }
                  }
                >
                  <svg
                    className="widget-svg"
                    style={
                      Object {
                        "height": "20px",
                        "transform": undefined,
                        "transition": "transform .2s ease-in-out",
                        "width": "20px",
                      }
                    }
                    viewBox="0 0 51 48"
                  >
                    <path
                      className="star"
                      d="m25,1 6,17h18l-14,11 5,17-15-10-15,10 5-17-14-11h18z"
                      style={
                        Object {
                          "fill": "rgb(203, 211, 227)",
                          "transition": "fill .2s ease-in-out",
                        }
                      }
                    />
                  </svg>
                </div>
              </div>
              <p
                className="userRatingText"
              >
                (
                0.00
                ) - 
                0
                 votes
              </p>
            </div>
            <div
              className="giveUserRating"
            >
              <p
                className="userRatingText"
              >
                Give user-rating: 
              </p>
              <div
                className="star-ratings"
                style={
                  Object {
                    "boxSizing": "border-box",
                    "display": "inline-block",
                    "position": "relative",
                  }
                }
                title="0 Stars"
              >
                <svg
                  className="star-grad"
                  style={
                    Object {
                      "height": "0",
                      "position": "absolute",
                      "visibility": "hidden",
                      "width": "0",
                      "zIndex": "0",
                    }
                  }
                >
                  <defs>
                    <linearGradient
                      id="starGrad779329771952828"
                      x1="0%"
                      x2="100%"
                      y1="0%"
                      y2="0%"
                    >
                      <stop
                        className="stop-color-first"
                        offset="0%"
                        style={
                          Object {
                            "stopColor": "#eac600",
                            "stopOpacity": "1",
                          }
                        }
                      />
                      <stop
                        className="stop-color-first"
                        offset="0%"
                        style={
                          Object {
                            "stopColor": "#eac600",
                            "stopOpacity": "1",
                          }
                        }
                      />
                      <stop
                        className="stop-color-final"
                        offset="0%"
                        style={
                          Object {
                            "stopColor": "rgb(203, 211, 227)",
                            "stopOpacity": "1",
                          }
                        }
                      />
                      <stop
                        className="stop-color-final"
                        offset="100%"
                        style={
                          Object {
                            "stopColor": "rgb(203, 211, 227)",
                            "stopOpacity": "1",
                          }
                        }
                      />
                    </linearGradient>
                  </defs>
                </svg>
                <div
                  className="star-container"
                  onClick={[Function]}
                  onMouseEnter={[Function]}
                  onMouseLeave={[Function]}
                  style={
                    Object {
                      "cursor": "pointer",
                      "display": "inline-block",
                      "paddingLeft": undefined,
                      "paddingRight": "2px",
                      "position": "relative",
                      "verticalAlign": "middle",
                    }
                  }
                >
                  <svg
                    className="widget-svg"
                    style={
                      Object {
                        "height": "20px",
                        "transform": undefined,
                        "transition": "transform .2s ease-in-out",
                        "width": "20px",
                      }
                    }
                    viewBox="0 0 51 48"
                  >
                    <path
                      className="star"
                      d="m25,1 6,17h18l-14,11 5,17-15-10-15,10 5-17-14-11h18z"
                      style={
                        Object {
                          "fill": "rgb(203, 211, 227)",
                          "transition": "fill .2s ease-in-out",
                        }
                      }
                    />
                  </svg>
                </div>
                <div
                  className="star-container"
                  onClick={[Function]}
                  onMouseEnter={[Function]}
                  onMouseLeave={[Function]}
                  style={
                    Object {
                      "cursor": "pointer",
                      "display": "inline-block",
                      "paddingLeft": "2px",
                      "paddingRight": "2px",
                      "position": "relative",
                      "verticalAlign": "middle",
                    }
                  }
                >
                  <svg
                    className="widget-svg"
                    style={
                      Object {
                        "height": "20px",
                        "transform": undefined,
                        "transition": "transform .2s ease-in-out",
                        "width": "20px",
                      }
                    }
                    viewBox="0 0 51 48"
                  >
                    <path
                      className="star"
                      d="m25,1 6,17h18l-14,11 5,17-15-10-15,10 5-17-14-11h18z"
                      style={
                        Object {
                          "fill": "rgb(203, 211, 227)",
                          "transition": "fill .2s ease-in-out",
                        }
                      }
                    />
                  </svg>
                </div>
                <div
                  className="star-container"
                  onClick={[Function]}
                  onMouseEnter={[Function]}
                  onMouseLeave={[Function]}
                  style={
                    Object {
                      "cursor": "pointer",
                      "display": "inline-block",
                      "paddingLeft": "2px",
                      "paddingRight": "2px",
                      "position": "relative",
                      "verticalAlign": "middle",
                    }
                  }
                >
                  <svg
                    className="widget-svg"
                    style={
                      Object {
                        "height": "20px",
                        "transform": undefined,
                        "transition": "transform .2s ease-in-out",
                        "width": "20px",
                      }
                    }
                    viewBox="0 0 51 48"
                  >
                    <path
                      className="star"
                      d="m25,1 6,17h18l-14,11 5,17-15-10-15,10 5-17-14-11h18z"
                      style={
                        Object {
                          "fill": "rgb(203, 211, 227)",
                          "transition": "fill .2s ease-in-out",
                        }
                      }
                    />
                  </svg>
                </div>
                <div
                  className="star-container"
                  onClick={[Function]}
                  onMouseEnter={[Function]}
                  onMouseLeave={[Function]}
                  style={
                    Object {
                      "cursor": "pointer",
                      "display": "inline-block",
                      "paddingLeft": "2px",
                      "paddingRight": "2px",
                      "position": "relative",
                      "verticalAlign": "middle",
                    }
                  }
                >
                  <svg
                    className="widget-svg"
                    style={
                      Object {
                        "height": "20px",
                        "transform": undefined,
                        "transition": "transform .2s ease-in-out",
                        "width": "20px",
                      }
                    }
                    viewBox="0 0 51 48"
                  >
                    <path
                      className="star"
                      d="m25,1 6,17h18l-14,11 5,17-15-10-15,10 5-17-14-11h18z"
                      style={
                        Object {
                          "fill": "rgb(203, 211, 227)",
                          "transition": "fill .2s ease-in-out",
                        }
                      }
                    />
                  </svg>
                </div>
                <div
                  className="star-container"
                  onClick={[Function]}
                  onMouseEnter={[Function]}
                  onMouseLeave={[Function]}
                  style={
                    Object {
                      "cursor": "pointer",
                      "display": "inline-block",
                      "paddingLeft": "2px",
                      "paddingRight": undefined,
                      "position": "relative",
                      "verticalAlign": "middle",
                    }
                  }
                >
                  <svg
                    className="widget-svg"
                    style={
                      Object {
                        "height": "20px",
                        "transform": undefined,
                        "transition": "transform .2s ease-in-out",
                        "width": "20px",
                      }
                    }
                    viewBox="0 0 51 48"
                  >
                    <path
                      className="star"
                      d="m25,1 6,17h18l-14,11 5,17-15-10-15,10 5-17-14-11h18z"
                      style={
                        Object {
                          "fill": "rgb(203, 211, 227)",
                          "transition": "fill .2s ease-in-out",
                        }
                      }
                    />
                  </svg>
                </div>
              </div>
            </div>
          </div>
        </div>
        <div
          className="smallImgStarShow"
        >
          <a
            href="https://www.imdb.com/title/tt0132969"
            rel="noopener noreferrer"
            target="_blank"
          >
            <img
              alt=""
              className="ratingImage"
              src="imdb.png"
            />
          </a>
          <div>
            6.9
             / 10
          </div>
        </div>
        <a
          className="movieLink"
          href="#testID2"
        >
          <div
            className="titleTextSmallShow"
          >
            test2
          </div>
        </a>
        <div
          className="rating"
        />
        <img
          alt=""
          className="hideExpandImage"
          src="expanded.png"
        />
      </div>
    </div>
  </div>
</div>
`;
